******************************************************************************
         TMS320C54x COFF Linker PC Version 3.83                
******************************************************************************
>> Linked Sat Mar 09 09:58:23 2019

OUTPUT FILE NAME:   <./Debug/majun.out>
ENTRY POINT SYMBOL: "_c_int00"  address: 00000000


MEMORY CONFIGURATION

                  name            origin    length      used    attr    fill
         ----------------------  --------  ---------  --------  ----  --------
PAGE  0: VECT                    00000080   00000080  00000000  RWIX
         PRAM                    00000100   00001f00  00000051  RWIX

PAGE  1: DRAM                    00002000   00001000  000000d0  RWIX


SECTION ALLOCATION MAP

 output                                  attributes/
section   page    origin      length       input sections
--------  ----  ----------  ----------   ----------------
.vectors   0    00000080    00000000     UNINITIALIZED

.data      0    00000100    00000000     UNINITIALIZED

.switch    0    00000100    00000000     UNINITIALIZED

.text      0    00000100    00000046     
                  00000100    00000046     VOLUME.obj (.text)

.cinit     0    00000146    0000000b     
                  00000146    0000000a     VOLUME.obj (.cinit)
                  00000150    00000001     --HOLE-- [fill = 0]

.stack     1    00002000    00000000     UNINITIALIZED

.const     1    00002000    00000000     UNINITIALIZED

.bss       1    00002000    000000d0     UNINITIALIZED
                  00002000    000000d0     VOLUME.obj (.bss)


GLOBAL SYMBOLS: SORTED ALPHABETICALLY BY Name 

address    name
--------   ----
00002000   .bss
00000100   .data
00000100   .text
00002000   ___bss__
00000146   ___cinit__
00000100   ___data__
00000100   ___edata__
000020d0   ___end__
00000146   ___etext__
ffffffff   ___pinit__
00000100   ___text__
00000001   __lflags
UNDEFED _c_int00
00002000   _inp_buffer
000020c8   _input
0000012e   _main
00002064   _out_buffer
000020c9   _output
00000100   _read_signals
000020cb   _str
000020ca   _volume
00000106   _write_buffer
00000146   cinit
00000100   edata
000020d0   end
00000146   etext
ffffffff   pinit


GLOBAL SYMBOLS: SORTED BY Symbol Address 

address    name
--------   ----
00000001   __lflags
00000100   ___edata__
00000100   ___data__
00000100   _read_signals
00000100   ___text__
00000100   .text
00000100   edata
00000100   .data
00000106   _write_buffer
0000012e   _main
00000146   etext
00000146   ___cinit__
00000146   ___etext__
00000146   cinit
00002000   .bss
00002000   _inp_buffer
00002000   ___bss__
00002064   _out_buffer
000020c8   _input
000020c9   _output
000020ca   _volume
000020cb   _str
000020d0   end
000020d0   ___end__
ffffffff   pinit
UNDEFED _c_int00
ffffffff   ___pinit__

[27 symbols]
