******************************************************************************
         TMS320C54x COFF Linker PC Version 3.83                
******************************************************************************
>> Linked Sat Mar 16 09:03:28 2019

OUTPUT FILE NAME:   <./Debug/majun.out>
ENTRY POINT SYMBOL: "start"  address: 00000100


MEMORY CONFIGURATION

                  name            origin    length      used    attr    fill
         ----------------------  --------  ---------  --------  ----  --------
PAGE  0: VECT                    00000080   00000080  00000000  RWIX
         PRAM                    00000100   00001f00  0000000a  RWIX

PAGE  1: DRAM                    00002000   00001000  00000003  RWIX


SECTION ALLOCATION MAP

 output                                  attributes/
section   page    origin      length       input sections
--------  ----  ----------  ----------   ----------------
.vectors   0    00000080    00000000     UNINITIALIZED

.cinit     0    00000100    00000000     UNINITIALIZED

.switch    0    00000100    00000000     UNINITIALIZED

.data      0    00000100    00000000     UNINITIALIZED

.text      0    00000100    0000000a     
                  00000100    0000000a     UseCMD.obj (.text)

.stack     1    00002000    00000000     UNINITIALIZED

.const     1    00002000    00000000     UNINITIALIZED

.bss       1    00002000    00000003     UNINITIALIZED
                  00002000    00000003     UseCMD.obj (.bss)


GLOBAL SYMBOLS: SORTED ALPHABETICALLY BY Name 

address    name
--------   ----
00002000   .bss
00000100   .data
00000100   .text
00002000   ___bss__
00000100   ___data__
00000100   ___edata__
00002003   ___end__
0000010a   ___etext__
00000100   ___text__
00000000   __lflags
00000100   edata
00002003   end
0000010a   etext
00000100   start


GLOBAL SYMBOLS: SORTED BY Symbol Address 

address    name
--------   ----
00000000   __lflags
00000100   start
00000100   ___edata__
00000100   edata
00000100   ___text__
00000100   .text
00000100   .data
00000100   ___data__
0000010a   etext
0000010a   ___etext__
00002000   ___bss__
00002000   .bss
00002003   ___end__
00002003   end

[14 symbols]
